25-11-17 14:27:32.905 :   task: usrnet
  model: plain4
  gpu_ids: [0]
  scale: 4
  n_channels: 3
  merge_bn: False
  merge_bn_startpoint: 300000
  datasets:[
    train:[
      name: train_dataset
      dataset_type: usrnet
      dataroot_H: trainsets/trainH
      dataroot_L: None
      H_size: 96
      use_flip: True
      use_rot: True
      scales: [1, 2, 3, 4]
      dataloader_shuffle: True
      dataloader_num_workers: 8
      dataloader_batch_size: 48
      phase: train
      scale: 4
      n_channels: 3
    ]
    test:[
      name: test_dataset
      dataset_type: usrnet
      dataroot_H: testsets/set5
      dataroot_L: None
      phase: test
      scale: 4
      n_channels: 3
    ]
  ]
  path:[
    root: SR_1
    pretrained_netG: None
    task: SR_1\usrnet
    log: SR_1\usrnet
    options: SR_1\usrnet\options
    models: SR_1\usrnet\models
    images: SR_1\usrnet\images
  ]
  netG:[
    net_type: usrnet
    n_iter: 20
    h_nc: 32
    in_nc: 4
    out_nc: 3
    nc: [16, 32, 64, 64]
    nb: 2
    gc: 32
    ng: 2
    reduction: 16
    act_mode: R
    upsample_mode: convtranspose
    downsample_mode: strideconv
    init_type: orthogonal
    init_bn_type: uniform
    init_gain: 0.2
    scale: 4
  ]
  train:[
    G_lossfn_type: l1
    G_lossfn_weight: 1.0
    G_optimizer_type: adam
    G_optimizer_lr: 0.0001
    G_optimizer_wd: 0
    G_optimizer_clipgrad: None
    G_scheduler_type: MultiStepLR
    G_scheduler_milestones: [100000, 200000, 300000, 400000]
    G_scheduler_gamma: 0.5
    G_regularizer_orthstep: None
    G_regularizer_clipstep: None
    checkpoint_test: 5000
    checkpoint_save: 5000
    checkpoint_print: 200
    F_feature_layer: 34
    F_weights: 1.0
    F_lossfn_type: l1
    F_use_input_norm: True
    F_use_range_norm: False
    G_optimizer_betas: [0.9, 0.999]
    G_scheduler_restart_weights: 1
    G_optimizer_reuse: False
    G_param_strict: True
    E_param_strict: True
    E_decay: 0
  ]
  opt_path: options/train_usrnet.json
  is_train: True
  find_unused_parameters: False
  use_static_graph: False
  dist: False
  num_gpu: 1

25-11-17 14:27:32.914 : Random seed: 5630
25-11-17 14:27:32.989 : Number of train images: 3,550, iters: 74
25-11-17 14:27:34.999 : 
Networks name: USRNet
Params number: 590034
Net structure:
USRNet(
  (d): DataNet()
  (p): ResUNet(
    (m_head): Conv2d(4, 16, kernel_size=(3, 3), stride=(1, 1), padding=(1, 1), bias=False)
    (m_down1): Sequential(
      (0): ResBlock(
        (res): Sequential(
          (0): Conv2d(16, 16, kernel_size=(3, 3), stride=(1, 1), padding=(1, 1), bias=False)
          (1): ReLU(inplace=True)
          (2): Conv2d(16, 16, kernel_size=(3, 3), stride=(1, 1), padding=(1, 1), bias=False)
        )
      )
      (1): ResBlock(
        (res): Sequential(
          (0): Conv2d(16, 16, kernel_size=(3, 3), stride=(1, 1), padding=(1, 1), bias=False)
          (1): ReLU(inplace=True)
          (2): Conv2d(16, 16, kernel_size=(3, 3), stride=(1, 1), padding=(1, 1), bias=False)
        )
      )
      (2): Conv2d(16, 32, kernel_size=(2, 2), stride=(2, 2), bias=False)
    )
    (m_down2): Sequential(
      (0): ResBlock(
        (res): Sequential(
          (0): Conv2d(32, 32, kernel_size=(3, 3), stride=(1, 1), padding=(1, 1), bias=False)
          (1): ReLU(inplace=True)
          (2): Conv2d(32, 32, kernel_size=(3, 3), stride=(1, 1), padding=(1, 1), bias=False)
        )
      )
      (1): ResBlock(
        (res): Sequential(
          (0): Conv2d(32, 32, kernel_size=(3, 3), stride=(1, 1), padding=(1, 1), bias=False)
          (1): ReLU(inplace=True)
          (2): Conv2d(32, 32, kernel_size=(3, 3), stride=(1, 1), padding=(1, 1), bias=False)
        )
      )
      (2): Conv2d(32, 64, kernel_size=(2, 2), stride=(2, 2), bias=False)
    )
    (m_down3): Sequential(
      (0): ResBlock(
        (res): Sequential(
          (0): Conv2d(64, 64, kernel_size=(3, 3), stride=(1, 1), padding=(1, 1), bias=False)
          (1): ReLU(inplace=True)
          (2): Conv2d(64, 64, kernel_size=(3, 3), stride=(1, 1), padding=(1, 1), bias=False)
        )
      )
      (1): ResBlock(
        (res): Sequential(
          (0): Conv2d(64, 64, kernel_size=(3, 3), stride=(1, 1), padding=(1, 1), bias=False)
          (1): ReLU(inplace=True)
          (2): Conv2d(64, 64, kernel_size=(3, 3), stride=(1, 1), padding=(1, 1), bias=False)
        )
      )
      (2): Conv2d(64, 64, kernel_size=(2, 2), stride=(2, 2), bias=False)
    )
    (m_body): Sequential(
      (0): ResBlock(
        (res): Sequential(
          (0): Conv2d(64, 64, kernel_size=(3, 3), stride=(1, 1), padding=(1, 1), bias=False)
          (1): ReLU(inplace=True)
          (2): Conv2d(64, 64, kernel_size=(3, 3), stride=(1, 1), padding=(1, 1), bias=False)
        )
      )
      (1): ResBlock(
        (res): Sequential(
          (0): Conv2d(64, 64, kernel_size=(3, 3), stride=(1, 1), padding=(1, 1), bias=False)
          (1): ReLU(inplace=True)
          (2): Conv2d(64, 64, kernel_size=(3, 3), stride=(1, 1), padding=(1, 1), bias=False)
        )
      )
    )
    (m_up3): Sequential(
      (0): ConvTranspose2d(64, 64, kernel_size=(2, 2), stride=(2, 2), bias=False)
      (1): ResBlock(
        (res): Sequential(
          (0): Conv2d(64, 64, kernel_size=(3, 3), stride=(1, 1), padding=(1, 1), bias=False)
          (1): ReLU(inplace=True)
          (2): Conv2d(64, 64, kernel_size=(3, 3), stride=(1, 1), padding=(1, 1), bias=False)
        )
      )
      (2): ResBlock(
        (res): Sequential(
          (0): Conv2d(64, 64, kernel_size=(3, 3), stride=(1, 1), padding=(1, 1), bias=False)
          (1): ReLU(inplace=True)
          (2): Conv2d(64, 64, kernel_size=(3, 3), stride=(1, 1), padding=(1, 1), bias=False)
        )
      )
    )
    (m_up2): Sequential(
      (0): ConvTranspose2d(64, 32, kernel_size=(2, 2), stride=(2, 2), bias=False)
      (1): ResBlock(
        (res): Sequential(
          (0): Conv2d(32, 32, kernel_size=(3, 3), stride=(1, 1), padding=(1, 1), bias=False)
          (1): ReLU(inplace=True)
          (2): Conv2d(32, 32, kernel_size=(3, 3), stride=(1, 1), padding=(1, 1), bias=False)
        )
      )
      (2): ResBlock(
        (res): Sequential(
          (0): Conv2d(32, 32, kernel_size=(3, 3), stride=(1, 1), padding=(1, 1), bias=False)
          (1): ReLU(inplace=True)
          (2): Conv2d(32, 32, kernel_size=(3, 3), stride=(1, 1), padding=(1, 1), bias=False)
        )
      )
    )
    (m_up1): Sequential(
      (0): ConvTranspose2d(32, 16, kernel_size=(2, 2), stride=(2, 2), bias=False)
      (1): ResBlock(
        (res): Sequential(
          (0): Conv2d(16, 16, kernel_size=(3, 3), stride=(1, 1), padding=(1, 1), bias=False)
          (1): ReLU(inplace=True)
          (2): Conv2d(16, 16, kernel_size=(3, 3), stride=(1, 1), padding=(1, 1), bias=False)
        )
      )
      (2): ResBlock(
        (res): Sequential(
          (0): Conv2d(16, 16, kernel_size=(3, 3), stride=(1, 1), padding=(1, 1), bias=False)
          (1): ReLU(inplace=True)
          (2): Conv2d(16, 16, kernel_size=(3, 3), stride=(1, 1), padding=(1, 1), bias=False)
        )
      )
    )
    (m_tail): Conv2d(16, 3, kernel_size=(3, 3), stride=(1, 1), padding=(1, 1), bias=False)
  )
  (h): HyPaNet(
    (mlp): Sequential(
      (0): Conv2d(3, 32, kernel_size=(1, 1), stride=(1, 1))
      (1): ReLU(inplace=True)
      (2): Conv2d(32, 32, kernel_size=(1, 1), stride=(1, 1))
      (3): ReLU(inplace=True)
      (4): Conv2d(32, 2, kernel_size=(1, 1), stride=(1, 1))
      (5): Softplus(beta=1.0, threshold=20.0)
    )
  )
)

25-11-17 14:27:35.122 : 
 |  mean  |  min   |  max   |  std   || shape               
 | -0.000 | -0.093 |  0.100 |  0.033 | torch.Size([16, 4, 3, 3]) || p.m_head.weight
 | -0.000 | -0.066 |  0.059 |  0.017 | torch.Size([16, 16, 3, 3]) || p.m_down1.0.res.0.weight
 |  0.000 | -0.052 |  0.064 |  0.017 | torch.Size([16, 16, 3, 3]) || p.m_down1.0.res.2.weight
 | -0.000 | -0.051 |  0.059 |  0.017 | torch.Size([16, 16, 3, 3]) || p.m_down1.1.res.0.weight
 |  0.000 | -0.053 |  0.053 |  0.017 | torch.Size([16, 16, 3, 3]) || p.m_down1.1.res.2.weight
 |  0.001 | -0.078 |  0.078 |  0.025 | torch.Size([32, 16, 2, 2]) || p.m_down1.2.weight
 | -0.000 | -0.044 |  0.043 |  0.012 | torch.Size([32, 32, 3, 3]) || p.m_down2.0.res.0.weight
 |  0.000 | -0.041 |  0.046 |  0.012 | torch.Size([32, 32, 3, 3]) || p.m_down2.0.res.2.weight
 | -0.000 | -0.038 |  0.041 |  0.012 | torch.Size([32, 32, 3, 3]) || p.m_down2.1.res.0.weight
 | -0.000 | -0.044 |  0.041 |  0.012 | torch.Size([32, 32, 3, 3]) || p.m_down2.1.res.2.weight
 | -0.000 | -0.066 |  0.063 |  0.018 | torch.Size([64, 32, 2, 2]) || p.m_down2.2.weight
 |  0.000 | -0.034 |  0.036 |  0.008 | torch.Size([64, 64, 3, 3]) || p.m_down3.0.res.0.weight
 |  0.000 | -0.033 |  0.032 |  0.008 | torch.Size([64, 64, 3, 3]) || p.m_down3.0.res.2.weight
 |  0.000 | -0.038 |  0.037 |  0.008 | torch.Size([64, 64, 3, 3]) || p.m_down3.1.res.0.weight
 | -0.000 | -0.034 |  0.037 |  0.008 | torch.Size([64, 64, 3, 3]) || p.m_down3.1.res.2.weight
 |  0.000 | -0.045 |  0.051 |  0.012 | torch.Size([64, 64, 2, 2]) || p.m_down3.2.weight
 | -0.000 | -0.034 |  0.034 |  0.008 | torch.Size([64, 64, 3, 3]) || p.m_body.0.res.0.weight
 |  0.000 | -0.034 |  0.038 |  0.008 | torch.Size([64, 64, 3, 3]) || p.m_body.0.res.2.weight
 | -0.000 | -0.033 |  0.031 |  0.008 | torch.Size([64, 64, 3, 3]) || p.m_body.1.res.0.weight
 | -0.000 | -0.036 |  0.035 |  0.008 | torch.Size([64, 64, 3, 3]) || p.m_body.1.res.2.weight
 |  0.000 | -0.045 |  0.048 |  0.012 | torch.Size([64, 64, 2, 2]) || p.m_up3.0.weight
 | -0.000 | -0.037 |  0.033 |  0.008 | torch.Size([64, 64, 3, 3]) || p.m_up3.1.res.0.weight
 | -0.000 | -0.033 |  0.037 |  0.008 | torch.Size([64, 64, 3, 3]) || p.m_up3.1.res.2.weight
 |  0.000 | -0.037 |  0.036 |  0.008 | torch.Size([64, 64, 3, 3]) || p.m_up3.2.res.0.weight
 | -0.000 | -0.034 |  0.035 |  0.008 | torch.Size([64, 64, 3, 3]) || p.m_up3.2.res.2.weight
 | -0.000 | -0.074 |  0.066 |  0.018 | torch.Size([64, 32, 2, 2]) || p.m_up2.0.weight
 | -0.000 | -0.041 |  0.047 |  0.012 | torch.Size([32, 32, 3, 3]) || p.m_up2.1.res.0.weight
 | -0.000 | -0.042 |  0.042 |  0.012 | torch.Size([32, 32, 3, 3]) || p.m_up2.1.res.2.weight
 |  0.000 | -0.049 |  0.042 |  0.012 | torch.Size([32, 32, 3, 3]) || p.m_up2.2.res.0.weight
 |  0.000 | -0.046 |  0.042 |  0.012 | torch.Size([32, 32, 3, 3]) || p.m_up2.2.res.2.weight
 | -0.000 | -0.081 |  0.099 |  0.025 | torch.Size([32, 16, 2, 2]) || p.m_up1.0.weight
 | -0.000 | -0.053 |  0.051 |  0.017 | torch.Size([16, 16, 3, 3]) || p.m_up1.1.res.0.weight
 |  0.000 | -0.052 |  0.058 |  0.017 | torch.Size([16, 16, 3, 3]) || p.m_up1.1.res.2.weight
 | -0.000 | -0.068 |  0.059 |  0.017 | torch.Size([16, 16, 3, 3]) || p.m_up1.2.res.0.weight
 | -0.001 | -0.057 |  0.048 |  0.017 | torch.Size([16, 16, 3, 3]) || p.m_up1.2.res.2.weight
 |  0.001 | -0.062 |  0.051 |  0.017 | torch.Size([3, 16, 3, 3]) || p.m_tail.weight
 |  0.001 | -0.074 |  0.085 |  0.036 | torch.Size([32, 3, 1, 1]) || h.mlp.0.weight
 |  0.000 |  0.000 |  0.000 |  0.000 | torch.Size([32]) || h.mlp.0.bias
 |  0.000 | -0.113 |  0.125 |  0.035 | torch.Size([32, 32, 1, 1]) || h.mlp.2.weight
 |  0.000 |  0.000 |  0.000 |  0.000 | torch.Size([32]) || h.mlp.2.bias
 |  0.003 | -0.064 |  0.092 |  0.036 | torch.Size([2, 32, 1, 1]) || h.mlp.4.weight
 |  0.000 |  0.000 |  0.000 |  0.000 | torch.Size([2]) || h.mlp.4.bias

25-11-17 14:28:52.374 :   task: usrnet
  model: plain4
  gpu_ids: [0]
  scale: 4
  n_channels: 3
  merge_bn: False
  merge_bn_startpoint: 300000
  datasets:[
    train:[
      name: train_dataset
      dataset_type: usrnet
      dataroot_H: trainsets/trainH
      dataroot_L: None
      H_size: 96
      use_flip: True
      use_rot: True
      scales: [1, 2, 3, 4]
      dataloader_shuffle: True
      dataloader_num_workers: 8
      dataloader_batch_size: 48
      phase: train
      scale: 4
      n_channels: 3
    ]
    test:[
      name: test_dataset
      dataset_type: usrnet
      dataroot_H: testsets/set5
      dataroot_L: None
      phase: test
      scale: 4
      n_channels: 3
    ]
  ]
  path:[
    root: SR_1
    pretrained_netG: None
    task: SR_1\usrnet
    log: SR_1\usrnet
    options: SR_1\usrnet\options
    models: SR_1\usrnet\models
    images: SR_1\usrnet\images
  ]
  netG:[
    net_type: usrnet
    n_iter: 20
    h_nc: 32
    in_nc: 4
    out_nc: 3
    nc: [16, 32, 64, 64]
    nb: 2
    gc: 32
    ng: 2
    reduction: 16
    act_mode: R
    upsample_mode: convtranspose
    downsample_mode: strideconv
    init_type: orthogonal
    init_bn_type: uniform
    init_gain: 0.2
    scale: 4
  ]
  train:[
    G_lossfn_type: l1
    G_lossfn_weight: 1.0
    G_optimizer_type: adam
    G_optimizer_lr: 0.0001
    G_optimizer_wd: 0
    G_optimizer_clipgrad: None
    G_scheduler_type: MultiStepLR
    G_scheduler_milestones: [100000, 200000, 300000, 400000]
    G_scheduler_gamma: 0.5
    G_regularizer_orthstep: None
    G_regularizer_clipstep: None
    checkpoint_test: 5000
    checkpoint_save: 5000
    checkpoint_print: 200
    F_feature_layer: 34
    F_weights: 1.0
    F_lossfn_type: l1
    F_use_input_norm: True
    F_use_range_norm: False
    G_optimizer_betas: [0.9, 0.999]
    G_scheduler_restart_weights: 1
    G_optimizer_reuse: False
    G_param_strict: True
    E_param_strict: True
    E_decay: 0
  ]
  opt_path: options/train_usrnet.json
  is_train: True
  find_unused_parameters: False
  use_static_graph: False
  dist: False
  num_gpu: 1

25-11-17 14:28:52.374 : Random seed: 361
25-11-17 14:28:52.432 : Number of train images: 3,550, iters: 74
25-11-17 14:28:54.505 : 
Networks name: USRNet
Params number: 590034
Net structure:
USRNet(
  (d): DataNet()
  (p): ResUNet(
    (m_head): Conv2d(4, 16, kernel_size=(3, 3), stride=(1, 1), padding=(1, 1), bias=False)
    (m_down1): Sequential(
      (0): ResBlock(
        (res): Sequential(
          (0): Conv2d(16, 16, kernel_size=(3, 3), stride=(1, 1), padding=(1, 1), bias=False)
          (1): ReLU(inplace=True)
          (2): Conv2d(16, 16, kernel_size=(3, 3), stride=(1, 1), padding=(1, 1), bias=False)
        )
      )
      (1): ResBlock(
        (res): Sequential(
          (0): Conv2d(16, 16, kernel_size=(3, 3), stride=(1, 1), padding=(1, 1), bias=False)
          (1): ReLU(inplace=True)
          (2): Conv2d(16, 16, kernel_size=(3, 3), stride=(1, 1), padding=(1, 1), bias=False)
        )
      )
      (2): Conv2d(16, 32, kernel_size=(2, 2), stride=(2, 2), bias=False)
    )
    (m_down2): Sequential(
      (0): ResBlock(
        (res): Sequential(
          (0): Conv2d(32, 32, kernel_size=(3, 3), stride=(1, 1), padding=(1, 1), bias=False)
          (1): ReLU(inplace=True)
          (2): Conv2d(32, 32, kernel_size=(3, 3), stride=(1, 1), padding=(1, 1), bias=False)
        )
      )
      (1): ResBlock(
        (res): Sequential(
          (0): Conv2d(32, 32, kernel_size=(3, 3), stride=(1, 1), padding=(1, 1), bias=False)
          (1): ReLU(inplace=True)
          (2): Conv2d(32, 32, kernel_size=(3, 3), stride=(1, 1), padding=(1, 1), bias=False)
        )
      )
      (2): Conv2d(32, 64, kernel_size=(2, 2), stride=(2, 2), bias=False)
    )
    (m_down3): Sequential(
      (0): ResBlock(
        (res): Sequential(
          (0): Conv2d(64, 64, kernel_size=(3, 3), stride=(1, 1), padding=(1, 1), bias=False)
          (1): ReLU(inplace=True)
          (2): Conv2d(64, 64, kernel_size=(3, 3), stride=(1, 1), padding=(1, 1), bias=False)
        )
      )
      (1): ResBlock(
        (res): Sequential(
          (0): Conv2d(64, 64, kernel_size=(3, 3), stride=(1, 1), padding=(1, 1), bias=False)
          (1): ReLU(inplace=True)
          (2): Conv2d(64, 64, kernel_size=(3, 3), stride=(1, 1), padding=(1, 1), bias=False)
        )
      )
      (2): Conv2d(64, 64, kernel_size=(2, 2), stride=(2, 2), bias=False)
    )
    (m_body): Sequential(
      (0): ResBlock(
        (res): Sequential(
          (0): Conv2d(64, 64, kernel_size=(3, 3), stride=(1, 1), padding=(1, 1), bias=False)
          (1): ReLU(inplace=True)
          (2): Conv2d(64, 64, kernel_size=(3, 3), stride=(1, 1), padding=(1, 1), bias=False)
        )
      )
      (1): ResBlock(
        (res): Sequential(
          (0): Conv2d(64, 64, kernel_size=(3, 3), stride=(1, 1), padding=(1, 1), bias=False)
          (1): ReLU(inplace=True)
          (2): Conv2d(64, 64, kernel_size=(3, 3), stride=(1, 1), padding=(1, 1), bias=False)
        )
      )
    )
    (m_up3): Sequential(
      (0): ConvTranspose2d(64, 64, kernel_size=(2, 2), stride=(2, 2), bias=False)
      (1): ResBlock(
        (res): Sequential(
          (0): Conv2d(64, 64, kernel_size=(3, 3), stride=(1, 1), padding=(1, 1), bias=False)
          (1): ReLU(inplace=True)
          (2): Conv2d(64, 64, kernel_size=(3, 3), stride=(1, 1), padding=(1, 1), bias=False)
        )
      )
      (2): ResBlock(
        (res): Sequential(
          (0): Conv2d(64, 64, kernel_size=(3, 3), stride=(1, 1), padding=(1, 1), bias=False)
          (1): ReLU(inplace=True)
          (2): Conv2d(64, 64, kernel_size=(3, 3), stride=(1, 1), padding=(1, 1), bias=False)
        )
      )
    )
    (m_up2): Sequential(
      (0): ConvTranspose2d(64, 32, kernel_size=(2, 2), stride=(2, 2), bias=False)
      (1): ResBlock(
        (res): Sequential(
          (0): Conv2d(32, 32, kernel_size=(3, 3), stride=(1, 1), padding=(1, 1), bias=False)
          (1): ReLU(inplace=True)
          (2): Conv2d(32, 32, kernel_size=(3, 3), stride=(1, 1), padding=(1, 1), bias=False)
        )
      )
      (2): ResBlock(
        (res): Sequential(
          (0): Conv2d(32, 32, kernel_size=(3, 3), stride=(1, 1), padding=(1, 1), bias=False)
          (1): ReLU(inplace=True)
          (2): Conv2d(32, 32, kernel_size=(3, 3), stride=(1, 1), padding=(1, 1), bias=False)
        )
      )
    )
    (m_up1): Sequential(
      (0): ConvTranspose2d(32, 16, kernel_size=(2, 2), stride=(2, 2), bias=False)
      (1): ResBlock(
        (res): Sequential(
          (0): Conv2d(16, 16, kernel_size=(3, 3), stride=(1, 1), padding=(1, 1), bias=False)
          (1): ReLU(inplace=True)
          (2): Conv2d(16, 16, kernel_size=(3, 3), stride=(1, 1), padding=(1, 1), bias=False)
        )
      )
      (2): ResBlock(
        (res): Sequential(
          (0): Conv2d(16, 16, kernel_size=(3, 3), stride=(1, 1), padding=(1, 1), bias=False)
          (1): ReLU(inplace=True)
          (2): Conv2d(16, 16, kernel_size=(3, 3), stride=(1, 1), padding=(1, 1), bias=False)
        )
      )
    )
    (m_tail): Conv2d(16, 3, kernel_size=(3, 3), stride=(1, 1), padding=(1, 1), bias=False)
  )
  (h): HyPaNet(
    (mlp): Sequential(
      (0): Conv2d(3, 32, kernel_size=(1, 1), stride=(1, 1))
      (1): ReLU(inplace=True)
      (2): Conv2d(32, 32, kernel_size=(1, 1), stride=(1, 1))
      (3): ReLU(inplace=True)
      (4): Conv2d(32, 2, kernel_size=(1, 1), stride=(1, 1))
      (5): Softplus(beta=1.0, threshold=20.0)
    )
  )
)

25-11-17 14:28:54.540 : 
 |  mean  |  min   |  max   |  std   || shape               
 |  0.001 | -0.100 |  0.102 |  0.033 | torch.Size([16, 4, 3, 3]) || p.m_head.weight
 | -0.000 | -0.058 |  0.051 |  0.017 | torch.Size([16, 16, 3, 3]) || p.m_down1.0.res.0.weight
 |  0.000 | -0.065 |  0.061 |  0.017 | torch.Size([16, 16, 3, 3]) || p.m_down1.0.res.2.weight
 | -0.001 | -0.059 |  0.054 |  0.017 | torch.Size([16, 16, 3, 3]) || p.m_down1.1.res.0.weight
 |  0.000 | -0.063 |  0.058 |  0.017 | torch.Size([16, 16, 3, 3]) || p.m_down1.1.res.2.weight
 | -0.000 | -0.087 |  0.070 |  0.025 | torch.Size([32, 16, 2, 2]) || p.m_down1.2.weight
 |  0.000 | -0.056 |  0.041 |  0.012 | torch.Size([32, 32, 3, 3]) || p.m_down2.0.res.0.weight
 | -0.000 | -0.048 |  0.044 |  0.012 | torch.Size([32, 32, 3, 3]) || p.m_down2.0.res.2.weight
 | -0.000 | -0.047 |  0.047 |  0.012 | torch.Size([32, 32, 3, 3]) || p.m_down2.1.res.0.weight
 |  0.000 | -0.043 |  0.041 |  0.012 | torch.Size([32, 32, 3, 3]) || p.m_down2.1.res.2.weight
 |  0.000 | -0.067 |  0.059 |  0.018 | torch.Size([64, 32, 2, 2]) || p.m_down2.2.weight
 |  0.000 | -0.033 |  0.034 |  0.008 | torch.Size([64, 64, 3, 3]) || p.m_down3.0.res.0.weight
 | -0.000 | -0.032 |  0.034 |  0.008 | torch.Size([64, 64, 3, 3]) || p.m_down3.0.res.2.weight
 | -0.000 | -0.034 |  0.035 |  0.008 | torch.Size([64, 64, 3, 3]) || p.m_down3.1.res.0.weight
 | -0.000 | -0.034 |  0.033 |  0.008 | torch.Size([64, 64, 3, 3]) || p.m_down3.1.res.2.weight
 | -0.000 | -0.046 |  0.046 |  0.013 | torch.Size([64, 64, 2, 2]) || p.m_down3.2.weight
 | -0.000 | -0.035 |  0.039 |  0.008 | torch.Size([64, 64, 3, 3]) || p.m_body.0.res.0.weight
 |  0.000 | -0.037 |  0.035 |  0.008 | torch.Size([64, 64, 3, 3]) || p.m_body.0.res.2.weight
 | -0.000 | -0.037 |  0.033 |  0.008 | torch.Size([64, 64, 3, 3]) || p.m_body.1.res.0.weight
 | -0.000 | -0.033 |  0.032 |  0.008 | torch.Size([64, 64, 3, 3]) || p.m_body.1.res.2.weight
 |  0.000 | -0.043 |  0.046 |  0.013 | torch.Size([64, 64, 2, 2]) || p.m_up3.0.weight
 | -0.000 | -0.035 |  0.035 |  0.008 | torch.Size([64, 64, 3, 3]) || p.m_up3.1.res.0.weight
 | -0.000 | -0.035 |  0.032 |  0.008 | torch.Size([64, 64, 3, 3]) || p.m_up3.1.res.2.weight
 |  0.000 | -0.030 |  0.033 |  0.008 | torch.Size([64, 64, 3, 3]) || p.m_up3.2.res.0.weight
 | -0.000 | -0.034 |  0.035 |  0.008 | torch.Size([64, 64, 3, 3]) || p.m_up3.2.res.2.weight
 | -0.000 | -0.073 |  0.063 |  0.018 | torch.Size([64, 32, 2, 2]) || p.m_up2.0.weight
 |  0.000 | -0.041 |  0.041 |  0.012 | torch.Size([32, 32, 3, 3]) || p.m_up2.1.res.0.weight
 |  0.000 | -0.050 |  0.044 |  0.012 | torch.Size([32, 32, 3, 3]) || p.m_up2.1.res.2.weight
 | -0.000 | -0.044 |  0.043 |  0.012 | torch.Size([32, 32, 3, 3]) || p.m_up2.2.res.0.weight
 |  0.000 | -0.045 |  0.046 |  0.012 | torch.Size([32, 32, 3, 3]) || p.m_up2.2.res.2.weight
 |  0.001 | -0.087 |  0.086 |  0.025 | torch.Size([32, 16, 2, 2]) || p.m_up1.0.weight
 |  0.000 | -0.049 |  0.055 |  0.017 | torch.Size([16, 16, 3, 3]) || p.m_up1.1.res.0.weight
 | -0.000 | -0.063 |  0.049 |  0.017 | torch.Size([16, 16, 3, 3]) || p.m_up1.1.res.2.weight
 | -0.001 | -0.057 |  0.058 |  0.017 | torch.Size([16, 16, 3, 3]) || p.m_up1.2.res.0.weight
 |  0.001 | -0.057 |  0.059 |  0.017 | torch.Size([16, 16, 3, 3]) || p.m_up1.2.res.2.weight
 |  0.002 | -0.039 |  0.060 |  0.017 | torch.Size([3, 16, 3, 3]) || p.m_tail.weight
 |  0.002 | -0.070 |  0.089 |  0.035 | torch.Size([32, 3, 1, 1]) || h.mlp.0.weight
 |  0.000 |  0.000 |  0.000 |  0.000 | torch.Size([32]) || h.mlp.0.bias
 |  0.000 | -0.110 |  0.111 |  0.035 | torch.Size([32, 32, 1, 1]) || h.mlp.2.weight
 |  0.000 |  0.000 |  0.000 |  0.000 | torch.Size([32]) || h.mlp.2.bias
 |  0.005 | -0.075 |  0.071 |  0.035 | torch.Size([2, 32, 1, 1]) || h.mlp.4.weight
 |  0.000 |  0.000 |  0.000 |  0.000 | torch.Size([2]) || h.mlp.4.bias

25-11-17 14:34:44.500 :   task: usrnet
  model: plain4
  gpu_ids: [0]
  scale: 4
  n_channels: 3
  merge_bn: False
  merge_bn_startpoint: 300000
  datasets:[
    train:[
      name: train_dataset
      dataset_type: usrnet
      dataroot_H: trainsets/trainH
      dataroot_L: None
      H_size: 96
      use_flip: True
      use_rot: True
      scales: [1, 2, 3, 4]
      dataloader_shuffle: True
      dataloader_num_workers: 8
      dataloader_batch_size: 48
      phase: train
      scale: 4
      n_channels: 3
    ]
    test:[
      name: test_dataset
      dataset_type: usrnet
      dataroot_H: testsets/set5
      dataroot_L: None
      phase: test
      scale: 4
      n_channels: 3
    ]
  ]
  path:[
    root: SR_1
    pretrained_netG: None
    task: SR_1\usrnet
    log: SR_1\usrnet
    options: SR_1\usrnet\options
    models: SR_1\usrnet\models
    images: SR_1\usrnet\images
  ]
  netG:[
    net_type: usrnet
    n_iter: 20
    h_nc: 32
    in_nc: 4
    out_nc: 3
    nc: [16, 32, 64, 64]
    nb: 2
    gc: 32
    ng: 2
    reduction: 16
    act_mode: R
    upsample_mode: convtranspose
    downsample_mode: strideconv
    init_type: orthogonal
    init_bn_type: uniform
    init_gain: 0.2
    scale: 4
  ]
  train:[
    G_lossfn_type: l1
    G_lossfn_weight: 1.0
    G_optimizer_type: adam
    G_optimizer_lr: 0.0001
    G_optimizer_wd: 0
    G_optimizer_clipgrad: None
    G_scheduler_type: MultiStepLR
    G_scheduler_milestones: [100000, 200000, 300000, 400000]
    G_scheduler_gamma: 0.5
    G_regularizer_orthstep: None
    G_regularizer_clipstep: None
    checkpoint_test: 5000
    checkpoint_save: 5000
    checkpoint_print: 200
    F_feature_layer: 34
    F_weights: 1.0
    F_lossfn_type: l1
    F_use_input_norm: True
    F_use_range_norm: False
    G_optimizer_betas: [0.9, 0.999]
    G_scheduler_restart_weights: 1
    G_optimizer_reuse: False
    G_param_strict: True
    E_param_strict: True
    E_decay: 0
  ]
  opt_path: options/train_usrnet.json
  is_train: True
  find_unused_parameters: False
  use_static_graph: False
  dist: False
  num_gpu: 1

25-11-17 14:34:44.501 : Random seed: 5856
25-11-17 14:34:44.556 : Number of train images: 3,550, iters: 74
25-11-17 14:34:46.408 : 
Networks name: USRNet
Params number: 590034
Net structure:
USRNet(
  (d): DataNet()
  (p): ResUNet(
    (m_head): Conv2d(4, 16, kernel_size=(3, 3), stride=(1, 1), padding=(1, 1), bias=False)
    (m_down1): Sequential(
      (0): ResBlock(
        (res): Sequential(
          (0): Conv2d(16, 16, kernel_size=(3, 3), stride=(1, 1), padding=(1, 1), bias=False)
          (1): ReLU(inplace=True)
          (2): Conv2d(16, 16, kernel_size=(3, 3), stride=(1, 1), padding=(1, 1), bias=False)
        )
      )
      (1): ResBlock(
        (res): Sequential(
          (0): Conv2d(16, 16, kernel_size=(3, 3), stride=(1, 1), padding=(1, 1), bias=False)
          (1): ReLU(inplace=True)
          (2): Conv2d(16, 16, kernel_size=(3, 3), stride=(1, 1), padding=(1, 1), bias=False)
        )
      )
      (2): Conv2d(16, 32, kernel_size=(2, 2), stride=(2, 2), bias=False)
    )
    (m_down2): Sequential(
      (0): ResBlock(
        (res): Sequential(
          (0): Conv2d(32, 32, kernel_size=(3, 3), stride=(1, 1), padding=(1, 1), bias=False)
          (1): ReLU(inplace=True)
          (2): Conv2d(32, 32, kernel_size=(3, 3), stride=(1, 1), padding=(1, 1), bias=False)
        )
      )
      (1): ResBlock(
        (res): Sequential(
          (0): Conv2d(32, 32, kernel_size=(3, 3), stride=(1, 1), padding=(1, 1), bias=False)
          (1): ReLU(inplace=True)
          (2): Conv2d(32, 32, kernel_size=(3, 3), stride=(1, 1), padding=(1, 1), bias=False)
        )
      )
      (2): Conv2d(32, 64, kernel_size=(2, 2), stride=(2, 2), bias=False)
    )
    (m_down3): Sequential(
      (0): ResBlock(
        (res): Sequential(
          (0): Conv2d(64, 64, kernel_size=(3, 3), stride=(1, 1), padding=(1, 1), bias=False)
          (1): ReLU(inplace=True)
          (2): Conv2d(64, 64, kernel_size=(3, 3), stride=(1, 1), padding=(1, 1), bias=False)
        )
      )
      (1): ResBlock(
        (res): Sequential(
          (0): Conv2d(64, 64, kernel_size=(3, 3), stride=(1, 1), padding=(1, 1), bias=False)
          (1): ReLU(inplace=True)
          (2): Conv2d(64, 64, kernel_size=(3, 3), stride=(1, 1), padding=(1, 1), bias=False)
        )
      )
      (2): Conv2d(64, 64, kernel_size=(2, 2), stride=(2, 2), bias=False)
    )
    (m_body): Sequential(
      (0): ResBlock(
        (res): Sequential(
          (0): Conv2d(64, 64, kernel_size=(3, 3), stride=(1, 1), padding=(1, 1), bias=False)
          (1): ReLU(inplace=True)
          (2): Conv2d(64, 64, kernel_size=(3, 3), stride=(1, 1), padding=(1, 1), bias=False)
        )
      )
      (1): ResBlock(
        (res): Sequential(
          (0): Conv2d(64, 64, kernel_size=(3, 3), stride=(1, 1), padding=(1, 1), bias=False)
          (1): ReLU(inplace=True)
          (2): Conv2d(64, 64, kernel_size=(3, 3), stride=(1, 1), padding=(1, 1), bias=False)
        )
      )
    )
    (m_up3): Sequential(
      (0): ConvTranspose2d(64, 64, kernel_size=(2, 2), stride=(2, 2), bias=False)
      (1): ResBlock(
        (res): Sequential(
          (0): Conv2d(64, 64, kernel_size=(3, 3), stride=(1, 1), padding=(1, 1), bias=False)
          (1): ReLU(inplace=True)
          (2): Conv2d(64, 64, kernel_size=(3, 3), stride=(1, 1), padding=(1, 1), bias=False)
        )
      )
      (2): ResBlock(
        (res): Sequential(
          (0): Conv2d(64, 64, kernel_size=(3, 3), stride=(1, 1), padding=(1, 1), bias=False)
          (1): ReLU(inplace=True)
          (2): Conv2d(64, 64, kernel_size=(3, 3), stride=(1, 1), padding=(1, 1), bias=False)
        )
      )
    )
    (m_up2): Sequential(
      (0): ConvTranspose2d(64, 32, kernel_size=(2, 2), stride=(2, 2), bias=False)
      (1): ResBlock(
        (res): Sequential(
          (0): Conv2d(32, 32, kernel_size=(3, 3), stride=(1, 1), padding=(1, 1), bias=False)
          (1): ReLU(inplace=True)
          (2): Conv2d(32, 32, kernel_size=(3, 3), stride=(1, 1), padding=(1, 1), bias=False)
        )
      )
      (2): ResBlock(
        (res): Sequential(
          (0): Conv2d(32, 32, kernel_size=(3, 3), stride=(1, 1), padding=(1, 1), bias=False)
          (1): ReLU(inplace=True)
          (2): Conv2d(32, 32, kernel_size=(3, 3), stride=(1, 1), padding=(1, 1), bias=False)
        )
      )
    )
    (m_up1): Sequential(
      (0): ConvTranspose2d(32, 16, kernel_size=(2, 2), stride=(2, 2), bias=False)
      (1): ResBlock(
        (res): Sequential(
          (0): Conv2d(16, 16, kernel_size=(3, 3), stride=(1, 1), padding=(1, 1), bias=False)
          (1): ReLU(inplace=True)
          (2): Conv2d(16, 16, kernel_size=(3, 3), stride=(1, 1), padding=(1, 1), bias=False)
        )
      )
      (2): ResBlock(
        (res): Sequential(
          (0): Conv2d(16, 16, kernel_size=(3, 3), stride=(1, 1), padding=(1, 1), bias=False)
          (1): ReLU(inplace=True)
          (2): Conv2d(16, 16, kernel_size=(3, 3), stride=(1, 1), padding=(1, 1), bias=False)
        )
      )
    )
    (m_tail): Conv2d(16, 3, kernel_size=(3, 3), stride=(1, 1), padding=(1, 1), bias=False)
  )
  (h): HyPaNet(
    (mlp): Sequential(
      (0): Conv2d(3, 32, kernel_size=(1, 1), stride=(1, 1))
      (1): ReLU(inplace=True)
      (2): Conv2d(32, 32, kernel_size=(1, 1), stride=(1, 1))
      (3): ReLU(inplace=True)
      (4): Conv2d(32, 2, kernel_size=(1, 1), stride=(1, 1))
      (5): Softplus(beta=1.0, threshold=20.0)
    )
  )
)

25-11-17 14:34:46.458 : 
 |  mean  |  min   |  max   |  std   || shape               
 | -0.001 | -0.110 |  0.110 |  0.033 | torch.Size([16, 4, 3, 3]) || p.m_head.weight
 |  0.000 | -0.064 |  0.056 |  0.017 | torch.Size([16, 16, 3, 3]) || p.m_down1.0.res.0.weight
 |  0.000 | -0.062 |  0.051 |  0.017 | torch.Size([16, 16, 3, 3]) || p.m_down1.0.res.2.weight
 | -0.000 | -0.054 |  0.056 |  0.017 | torch.Size([16, 16, 3, 3]) || p.m_down1.1.res.0.weight
 |  0.000 | -0.058 |  0.063 |  0.017 | torch.Size([16, 16, 3, 3]) || p.m_down1.1.res.2.weight
 | -0.000 | -0.076 |  0.080 |  0.025 | torch.Size([32, 16, 2, 2]) || p.m_down1.2.weight
 |  0.000 | -0.049 |  0.044 |  0.012 | torch.Size([32, 32, 3, 3]) || p.m_down2.0.res.0.weight
 | -0.000 | -0.044 |  0.044 |  0.012 | torch.Size([32, 32, 3, 3]) || p.m_down2.0.res.2.weight
 | -0.000 | -0.040 |  0.042 |  0.012 | torch.Size([32, 32, 3, 3]) || p.m_down2.1.res.0.weight
 |  0.000 | -0.044 |  0.047 |  0.012 | torch.Size([32, 32, 3, 3]) || p.m_down2.1.res.2.weight
 |  0.000 | -0.067 |  0.068 |  0.018 | torch.Size([64, 32, 2, 2]) || p.m_down2.2.weight
 | -0.000 | -0.034 |  0.035 |  0.008 | torch.Size([64, 64, 3, 3]) || p.m_down3.0.res.0.weight
 | -0.000 | -0.033 |  0.034 |  0.008 | torch.Size([64, 64, 3, 3]) || p.m_down3.0.res.2.weight
 | -0.000 | -0.035 |  0.033 |  0.008 | torch.Size([64, 64, 3, 3]) || p.m_down3.1.res.0.weight
 | -0.000 | -0.039 |  0.032 |  0.008 | torch.Size([64, 64, 3, 3]) || p.m_down3.1.res.2.weight
 | -0.000 | -0.048 |  0.049 |  0.013 | torch.Size([64, 64, 2, 2]) || p.m_down3.2.weight
 |  0.000 | -0.034 |  0.034 |  0.008 | torch.Size([64, 64, 3, 3]) || p.m_body.0.res.0.weight
 |  0.000 | -0.033 |  0.030 |  0.008 | torch.Size([64, 64, 3, 3]) || p.m_body.0.res.2.weight
 | -0.000 | -0.034 |  0.035 |  0.008 | torch.Size([64, 64, 3, 3]) || p.m_body.1.res.0.weight
 | -0.000 | -0.037 |  0.031 |  0.008 | torch.Size([64, 64, 3, 3]) || p.m_body.1.res.2.weight
 | -0.000 | -0.050 |  0.049 |  0.013 | torch.Size([64, 64, 2, 2]) || p.m_up3.0.weight
 | -0.000 | -0.037 |  0.034 |  0.008 | torch.Size([64, 64, 3, 3]) || p.m_up3.1.res.0.weight
 | -0.000 | -0.032 |  0.034 |  0.008 | torch.Size([64, 64, 3, 3]) || p.m_up3.1.res.2.weight
 |  0.000 | -0.043 |  0.032 |  0.008 | torch.Size([64, 64, 3, 3]) || p.m_up3.2.res.0.weight
 |  0.000 | -0.032 |  0.036 |  0.008 | torch.Size([64, 64, 3, 3]) || p.m_up3.2.res.2.weight
 |  0.000 | -0.069 |  0.066 |  0.018 | torch.Size([64, 32, 2, 2]) || p.m_up2.0.weight
 | -0.000 | -0.042 |  0.043 |  0.012 | torch.Size([32, 32, 3, 3]) || p.m_up2.1.res.0.weight
 |  0.000 | -0.044 |  0.050 |  0.012 | torch.Size([32, 32, 3, 3]) || p.m_up2.1.res.2.weight
 |  0.000 | -0.049 |  0.042 |  0.012 | torch.Size([32, 32, 3, 3]) || p.m_up2.2.res.0.weight
 |  0.000 | -0.045 |  0.040 |  0.012 | torch.Size([32, 32, 3, 3]) || p.m_up2.2.res.2.weight
 | -0.000 | -0.073 |  0.087 |  0.025 | torch.Size([32, 16, 2, 2]) || p.m_up1.0.weight
 | -0.001 | -0.057 |  0.055 |  0.017 | torch.Size([16, 16, 3, 3]) || p.m_up1.1.res.0.weight
 | -0.001 | -0.057 |  0.055 |  0.017 | torch.Size([16, 16, 3, 3]) || p.m_up1.1.res.2.weight
 |  0.001 | -0.060 |  0.053 |  0.017 | torch.Size([16, 16, 3, 3]) || p.m_up1.2.res.0.weight
 |  0.001 | -0.059 |  0.050 |  0.017 | torch.Size([16, 16, 3, 3]) || p.m_up1.2.res.2.weight
 | -0.001 | -0.044 |  0.044 |  0.017 | torch.Size([3, 16, 3, 3]) || p.m_tail.weight
 |  0.000 | -0.084 |  0.075 |  0.036 | torch.Size([32, 3, 1, 1]) || h.mlp.0.weight
 |  0.000 |  0.000 |  0.000 |  0.000 | torch.Size([32]) || h.mlp.0.bias
 |  0.000 | -0.108 |  0.118 |  0.035 | torch.Size([32, 32, 1, 1]) || h.mlp.2.weight
 |  0.000 |  0.000 |  0.000 |  0.000 | torch.Size([32]) || h.mlp.2.bias
 |  0.000 | -0.087 |  0.080 |  0.036 | torch.Size([2, 32, 1, 1]) || h.mlp.4.weight
 |  0.000 |  0.000 |  0.000 |  0.000 | torch.Size([2]) || h.mlp.4.bias

25-11-17 15:51:03.056 : <epoch:  2, iter:     200, lr:1.000e-04> G_loss: 1.954e-01 
25-11-17 16:10:44.633 :   task: usrnet
  model: plain4
  gpu_ids: [0]
  scale: 4
  n_channels: 3
  merge_bn: False
  merge_bn_startpoint: 300000
  datasets:[
    train:[
      name: train_dataset
      dataset_type: usrnet
      dataroot_H: trainsets/trainH
      dataroot_L: None
      H_size: 96
      use_flip: True
      use_rot: True
      scales: [1, 2, 3, 4]
      dataloader_shuffle: True
      dataloader_num_workers: 8
      dataloader_batch_size: 48
      phase: train
      scale: 4
      n_channels: 3
    ]
    test:[
      name: test_dataset
      dataset_type: usrnet
      dataroot_H: testsets/set5
      dataroot_L: None
      phase: test
      scale: 4
      n_channels: 3
    ]
  ]
  path:[
    root: SR_1
    pretrained_netG: None
    task: SR_1\usrnet
    log: SR_1\usrnet
    options: SR_1\usrnet\options
    models: SR_1\usrnet\models
    images: SR_1\usrnet\images
  ]
  netG:[
    net_type: usrnet_1
    n_iter: 20
    h_nc: 32
    in_nc: 4
    out_nc: 3
    nc: [16, 32, 64, 64]
    nb: 2
    gc: 32
    ng: 2
    reduction: 16
    act_mode: R
    upsample_mode: convtranspose
    downsample_mode: strideconv
    init_type: orthogonal
    init_bn_type: uniform
    init_gain: 0.2
    scale: 4
  ]
  train:[
    G_lossfn_type: l1
    G_lossfn_weight: 1.0
    G_optimizer_type: adam
    G_optimizer_lr: 0.0001
    G_optimizer_wd: 0
    G_optimizer_clipgrad: None
    G_scheduler_type: MultiStepLR
    G_scheduler_milestones: [100000, 200000, 300000, 400000]
    G_scheduler_gamma: 0.5
    G_regularizer_orthstep: None
    G_regularizer_clipstep: None
    checkpoint_test: 5000
    checkpoint_save: 5000
    checkpoint_print: 200
    F_feature_layer: 34
    F_weights: 1.0
    F_lossfn_type: l1
    F_use_input_norm: True
    F_use_range_norm: False
    G_optimizer_betas: [0.9, 0.999]
    G_scheduler_restart_weights: 1
    G_optimizer_reuse: False
    G_param_strict: True
    E_param_strict: True
    E_decay: 0
  ]
  opt_path: options/train_usrnet.json
  is_train: True
  find_unused_parameters: False
  use_static_graph: False
  dist: False
  num_gpu: 1

25-11-17 16:10:44.633 : Random seed: 7617
25-11-17 16:10:44.746 : Number of train images: 3,550, iters: 74
25-11-17 16:10:48.717 : 
Networks name: USRNet
Params number: 590034
Net structure:
USRNet(
  (d): DataNet()
  (p): ResUNet(
    (m_head): Conv2d(4, 16, kernel_size=(3, 3), stride=(1, 1), padding=(1, 1), bias=False)
    (m_down1): Sequential(
      (0): ResBlock(
        (res): Sequential(
          (0): Conv2d(16, 16, kernel_size=(3, 3), stride=(1, 1), padding=(1, 1), bias=False)
          (1): ReLU(inplace=True)
          (2): Conv2d(16, 16, kernel_size=(3, 3), stride=(1, 1), padding=(1, 1), bias=False)
        )
      )
      (1): ResBlock(
        (res): Sequential(
          (0): Conv2d(16, 16, kernel_size=(3, 3), stride=(1, 1), padding=(1, 1), bias=False)
          (1): ReLU(inplace=True)
          (2): Conv2d(16, 16, kernel_size=(3, 3), stride=(1, 1), padding=(1, 1), bias=False)
        )
      )
      (2): Conv2d(16, 32, kernel_size=(2, 2), stride=(2, 2), bias=False)
    )
    (m_down2): Sequential(
      (0): ResBlock(
        (res): Sequential(
          (0): Conv2d(32, 32, kernel_size=(3, 3), stride=(1, 1), padding=(1, 1), bias=False)
          (1): ReLU(inplace=True)
          (2): Conv2d(32, 32, kernel_size=(3, 3), stride=(1, 1), padding=(1, 1), bias=False)
        )
      )
      (1): ResBlock(
        (res): Sequential(
          (0): Conv2d(32, 32, kernel_size=(3, 3), stride=(1, 1), padding=(1, 1), bias=False)
          (1): ReLU(inplace=True)
          (2): Conv2d(32, 32, kernel_size=(3, 3), stride=(1, 1), padding=(1, 1), bias=False)
        )
      )
      (2): Conv2d(32, 64, kernel_size=(2, 2), stride=(2, 2), bias=False)
    )
    (m_down3): Sequential(
      (0): ResBlock(
        (res): Sequential(
          (0): Conv2d(64, 64, kernel_size=(3, 3), stride=(1, 1), padding=(1, 1), bias=False)
          (1): ReLU(inplace=True)
          (2): Conv2d(64, 64, kernel_size=(3, 3), stride=(1, 1), padding=(1, 1), bias=False)
        )
      )
      (1): ResBlock(
        (res): Sequential(
          (0): Conv2d(64, 64, kernel_size=(3, 3), stride=(1, 1), padding=(1, 1), bias=False)
          (1): ReLU(inplace=True)
          (2): Conv2d(64, 64, kernel_size=(3, 3), stride=(1, 1), padding=(1, 1), bias=False)
        )
      )
      (2): Conv2d(64, 64, kernel_size=(2, 2), stride=(2, 2), bias=False)
    )
    (m_body): Sequential(
      (0): ResBlock(
        (res): Sequential(
          (0): Conv2d(64, 64, kernel_size=(3, 3), stride=(1, 1), padding=(1, 1), bias=False)
          (1): ReLU(inplace=True)
          (2): Conv2d(64, 64, kernel_size=(3, 3), stride=(1, 1), padding=(1, 1), bias=False)
        )
      )
      (1): ResBlock(
        (res): Sequential(
          (0): Conv2d(64, 64, kernel_size=(3, 3), stride=(1, 1), padding=(1, 1), bias=False)
          (1): ReLU(inplace=True)
          (2): Conv2d(64, 64, kernel_size=(3, 3), stride=(1, 1), padding=(1, 1), bias=False)
        )
      )
    )
    (m_up3): Sequential(
      (0): ConvTranspose2d(64, 64, kernel_size=(2, 2), stride=(2, 2), bias=False)
      (1): ResBlock(
        (res): Sequential(
          (0): Conv2d(64, 64, kernel_size=(3, 3), stride=(1, 1), padding=(1, 1), bias=False)
          (1): ReLU(inplace=True)
          (2): Conv2d(64, 64, kernel_size=(3, 3), stride=(1, 1), padding=(1, 1), bias=False)
        )
      )
      (2): ResBlock(
        (res): Sequential(
          (0): Conv2d(64, 64, kernel_size=(3, 3), stride=(1, 1), padding=(1, 1), bias=False)
          (1): ReLU(inplace=True)
          (2): Conv2d(64, 64, kernel_size=(3, 3), stride=(1, 1), padding=(1, 1), bias=False)
        )
      )
    )
    (m_up2): Sequential(
      (0): ConvTranspose2d(64, 32, kernel_size=(2, 2), stride=(2, 2), bias=False)
      (1): ResBlock(
        (res): Sequential(
          (0): Conv2d(32, 32, kernel_size=(3, 3), stride=(1, 1), padding=(1, 1), bias=False)
          (1): ReLU(inplace=True)
          (2): Conv2d(32, 32, kernel_size=(3, 3), stride=(1, 1), padding=(1, 1), bias=False)
        )
      )
      (2): ResBlock(
        (res): Sequential(
          (0): Conv2d(32, 32, kernel_size=(3, 3), stride=(1, 1), padding=(1, 1), bias=False)
          (1): ReLU(inplace=True)
          (2): Conv2d(32, 32, kernel_size=(3, 3), stride=(1, 1), padding=(1, 1), bias=False)
        )
      )
    )
    (m_up1): Sequential(
      (0): ConvTranspose2d(32, 16, kernel_size=(2, 2), stride=(2, 2), bias=False)
      (1): ResBlock(
        (res): Sequential(
          (0): Conv2d(16, 16, kernel_size=(3, 3), stride=(1, 1), padding=(1, 1), bias=False)
          (1): ReLU(inplace=True)
          (2): Conv2d(16, 16, kernel_size=(3, 3), stride=(1, 1), padding=(1, 1), bias=False)
        )
      )
      (2): ResBlock(
        (res): Sequential(
          (0): Conv2d(16, 16, kernel_size=(3, 3), stride=(1, 1), padding=(1, 1), bias=False)
          (1): ReLU(inplace=True)
          (2): Conv2d(16, 16, kernel_size=(3, 3), stride=(1, 1), padding=(1, 1), bias=False)
        )
      )
    )
    (m_tail): Conv2d(16, 3, kernel_size=(3, 3), stride=(1, 1), padding=(1, 1), bias=False)
  )
  (h): HyPaNet(
    (mlp): Sequential(
      (0): Conv2d(3, 32, kernel_size=(1, 1), stride=(1, 1))
      (1): ReLU(inplace=True)
      (2): Conv2d(32, 32, kernel_size=(1, 1), stride=(1, 1))
      (3): ReLU(inplace=True)
      (4): Conv2d(32, 2, kernel_size=(1, 1), stride=(1, 1))
      (5): Softplus(beta=1.0, threshold=20.0)
    )
  )
)

25-11-17 16:10:48.872 : 
 |  mean  |  min   |  max   |  std   || shape               
 |  0.001 | -0.097 |  0.097 |  0.033 | torch.Size([16, 4, 3, 3]) || p.m_head.weight
 |  0.000 | -0.052 |  0.055 |  0.017 | torch.Size([16, 16, 3, 3]) || p.m_down1.0.res.0.weight
 | -0.000 | -0.061 |  0.064 |  0.017 | torch.Size([16, 16, 3, 3]) || p.m_down1.0.res.2.weight
 | -0.000 | -0.062 |  0.052 |  0.017 | torch.Size([16, 16, 3, 3]) || p.m_down1.1.res.0.weight
 | -0.000 | -0.058 |  0.053 |  0.017 | torch.Size([16, 16, 3, 3]) || p.m_down1.1.res.2.weight
 |  0.001 | -0.100 |  0.086 |  0.025 | torch.Size([32, 16, 2, 2]) || p.m_down1.2.weight
 | -0.000 | -0.042 |  0.042 |  0.012 | torch.Size([32, 32, 3, 3]) || p.m_down2.0.res.0.weight
 |  0.000 | -0.044 |  0.043 |  0.012 | torch.Size([32, 32, 3, 3]) || p.m_down2.0.res.2.weight
 | -0.000 | -0.041 |  0.043 |  0.012 | torch.Size([32, 32, 3, 3]) || p.m_down2.1.res.0.weight
 |  0.000 | -0.045 |  0.042 |  0.012 | torch.Size([32, 32, 3, 3]) || p.m_down2.1.res.2.weight
 |  0.000 | -0.064 |  0.061 |  0.018 | torch.Size([64, 32, 2, 2]) || p.m_down2.2.weight
 |  0.000 | -0.034 |  0.033 |  0.008 | torch.Size([64, 64, 3, 3]) || p.m_down3.0.res.0.weight
 |  0.000 | -0.037 |  0.037 |  0.008 | torch.Size([64, 64, 3, 3]) || p.m_down3.0.res.2.weight
 |  0.000 | -0.030 |  0.036 |  0.008 | torch.Size([64, 64, 3, 3]) || p.m_down3.1.res.0.weight
 | -0.000 | -0.032 |  0.032 |  0.008 | torch.Size([64, 64, 3, 3]) || p.m_down3.1.res.2.weight
 |  0.000 | -0.047 |  0.048 |  0.013 | torch.Size([64, 64, 2, 2]) || p.m_down3.2.weight
 |  0.000 | -0.037 |  0.036 |  0.008 | torch.Size([64, 64, 3, 3]) || p.m_body.0.res.0.weight
 |  0.000 | -0.038 |  0.035 |  0.008 | torch.Size([64, 64, 3, 3]) || p.m_body.0.res.2.weight
 |  0.000 | -0.036 |  0.035 |  0.008 | torch.Size([64, 64, 3, 3]) || p.m_body.1.res.0.weight
 |  0.000 | -0.035 |  0.035 |  0.008 | torch.Size([64, 64, 3, 3]) || p.m_body.1.res.2.weight
 | -0.000 | -0.053 |  0.052 |  0.013 | torch.Size([64, 64, 2, 2]) || p.m_up3.0.weight
 |  0.000 | -0.040 |  0.033 |  0.008 | torch.Size([64, 64, 3, 3]) || p.m_up3.1.res.0.weight
 |  0.000 | -0.036 |  0.032 |  0.008 | torch.Size([64, 64, 3, 3]) || p.m_up3.1.res.2.weight
 |  0.000 | -0.033 |  0.032 |  0.008 | torch.Size([64, 64, 3, 3]) || p.m_up3.2.res.0.weight
 | -0.000 | -0.038 |  0.030 |  0.008 | torch.Size([64, 64, 3, 3]) || p.m_up3.2.res.2.weight
 |  0.000 | -0.063 |  0.074 |  0.018 | torch.Size([64, 32, 2, 2]) || p.m_up2.0.weight
 |  0.000 | -0.046 |  0.051 |  0.012 | torch.Size([32, 32, 3, 3]) || p.m_up2.1.res.0.weight
 |  0.000 | -0.041 |  0.044 |  0.012 | torch.Size([32, 32, 3, 3]) || p.m_up2.1.res.2.weight
 |  0.000 | -0.043 |  0.050 |  0.012 | torch.Size([32, 32, 3, 3]) || p.m_up2.2.res.0.weight
 |  0.000 | -0.039 |  0.045 |  0.012 | torch.Size([32, 32, 3, 3]) || p.m_up2.2.res.2.weight
 |  0.000 | -0.084 |  0.088 |  0.025 | torch.Size([32, 16, 2, 2]) || p.m_up1.0.weight
 |  0.000 | -0.057 |  0.058 |  0.017 | torch.Size([16, 16, 3, 3]) || p.m_up1.1.res.0.weight
 | -0.000 | -0.057 |  0.057 |  0.017 | torch.Size([16, 16, 3, 3]) || p.m_up1.1.res.2.weight
 |  0.000 | -0.060 |  0.059 |  0.017 | torch.Size([16, 16, 3, 3]) || p.m_up1.2.res.0.weight
 | -0.000 | -0.056 |  0.054 |  0.017 | torch.Size([16, 16, 3, 3]) || p.m_up1.2.res.2.weight
 |  0.003 | -0.046 |  0.042 |  0.016 | torch.Size([3, 16, 3, 3]) || p.m_tail.weight
 | -0.006 | -0.090 |  0.073 |  0.035 | torch.Size([32, 3, 1, 1]) || h.mlp.0.weight
 |  0.000 |  0.000 |  0.000 |  0.000 | torch.Size([32]) || h.mlp.0.bias
 | -0.000 | -0.103 |  0.121 |  0.035 | torch.Size([32, 32, 1, 1]) || h.mlp.2.weight
 |  0.000 |  0.000 |  0.000 |  0.000 | torch.Size([32]) || h.mlp.2.bias
 | -0.006 | -0.081 |  0.079 |  0.035 | torch.Size([2, 32, 1, 1]) || h.mlp.4.weight
 |  0.000 |  0.000 |  0.000 |  0.000 | torch.Size([2]) || h.mlp.4.bias

